<!DOCTYPE html>
<html lang="en">
<body>
    <main>
        <h1>Work tools</h1>
<p>Some work tools include:</p>
<ul>
<li><a href="git">git</a></li>
<li>Ssdt</li>
</ul>

    </main>
    <hr>
    <p class="backlinks-title larger">Backlinks</p>
    
    <p class="backlinks-default">No backlinks found.</p>
    
</body>
</html>