<h1>What I'm doing now</h1>
<ul>
<li>Some list point 1</li>
<li>Point 2</li>
</ul>
