<!DOCTYPE html>
<html lang="en">
<body>
    <main>
        <h1>Git</h1>
<p>Popular version control tool. See more here <a href="https://git-scm.com/">git</a></p>

    </main>
    <hr>
    <p class="backlinks-title larger">Backlinks</p>
    
    <ul class="backlinks-container">
        
        <li class="backlink">
            <a href="work-tools" class="backlink__link">work-tools</a>
        </li>
        
    </ul>
    
</body>
</html>